******************************************************************************
                  TI ARM Linker PC v5.1.1                      
******************************************************************************
>> Linked Sat Oct 12 17:09:08 2013

OUTPUT FILE NAME:   <Lab 4 - SevenSeg.out>
ENTRY POINT SYMBOL: "_c_int00"  address: 000009cd


MEMORY CONFIGURATION

         name            origin    length      used     unused   attr    fill
----------------------  --------  ---------  --------  --------  ----  --------
  FLASH                 00000000   00040000  00000cb2  0003f34e  R  X
  SRAM                  20000000   00008000  00000127  00007ed9  RW X


SEGMENT ALLOCATION MAP

run origin  load origin   length   init length attrs members
----------  ----------- ---------- ----------- ----- -------
00000000    00000000    00000cb8   00000cb8    r-x
  00000000    00000000    0000026c   0000026c    r-- .intvecs
  0000026c    0000026c    00000932   00000932    r-x .text
  00000ba0    00000ba0    000000dc   000000dc    r-- .const
  00000c80    00000c80    00000038   00000038    r-- .cinit
20000000    20000000    00000127   00000000    rw-
  20000000    20000000    00000100   00000000    rw- .stack
  20000100    20000100    00000017   00000000    rw- .data
  20000117    20000117    00000010   00000000    rw- .bss


SECTION ALLOCATION MAP

 output                                  attributes/
section   page    origin      length       input sections
--------  ----  ----------  ----------   ----------------
.intvecs   0    00000000    0000026c     
                  00000000    0000026c     tm4c1230h6pm_startup_ccs.obj (.intvecs)

.init_array 
*          0    00000000    00000000     UNINITIALIZED

.text      0    0000026c    00000932     
                  0000026c    000003a8     main.obj (.text)
                  00000614    00000104     driverlib.lib : sysctl.obj (.text:SysCtlClockSet)
                  00000718    000000c4                   : sysctl.obj (.text:SysCtlClockGet)
                  000007dc    0000009c     rtsv7M4_T_le_v4SPD16_eabi.lib : memcpy_t2.obj (.text)
                  00000878    00000094                                   : auto_init.obj (.text)
                  0000090c    00000060     driverlib.lib : interrupt.obj (.text:IntEnable)
                  0000096c    0000005e     rtsv7M4_T_le_v4SPD16_eabi.lib : copy_decompress_rle.obj (.text)
                  000009ca    00000002     --HOLE-- [fill = 0]
                  000009cc    00000048                                   : boot.obj (.text)
                  00000a14    00000044                                   : cpy_tbl.obj (.text)
                  00000a58    00000044                                   : exit.obj (.text)
                  00000a9c    00000034     driverlib.lib : sysctl.obj (.text:SysCtlPeripheralEnable)
                  00000ad0    00000028                   : timer.obj (.text:TimerConfigure)
                  00000af8    00000018     rtsv7M4_T_le_v4SPD16_eabi.lib : args_main.obj (.text)
                  00000b10    00000014                                   : _lock.obj (.text)
                  00000b24    00000012     driverlib.lib : timer.obj (.text:TimerLoadSet)
                  00000b36    00000012     rtsv7M4_T_le_v4SPD16_eabi.lib : copy_zero_init.obj (.text:decompress:ZI)
                  00000b48    0000000e     driverlib.lib : timer.obj (.text:TimerEnable)
                  00000b56    0000000e     rtsv7M4_T_le_v4SPD16_eabi.lib : copy_decompress_none.obj (.text:decompress:none)
                  00000b64    0000000c     driverlib.lib : cpu.obj (.text:CPUcpsie)
                  00000b70    0000000c     tm4c1230h6pm_startup_ccs.obj (.text)
                  00000b7c    0000000a     driverlib.lib : interrupt.obj (.text:IntMasterEnable)
                  00000b86    00000008                   : timer.obj (.text:TimerIntEnable)
                  00000b8e    00000006                   : sysctl.obj (.text:SysCtlDelay)
                  00000b94    00000006     rtsv7M4_T_le_v4SPD16_eabi.lib : copy_decompress_rle.obj (.text:decompress:rle24)
                  00000b9a    00000004     driverlib.lib : timer.obj (.text:TimerIntClear)

.const     0    00000ba0    000000dc     
                  00000ba0    00000070     driverlib.lib : interrupt.obj (.const)
                  00000c10    0000006c                   : sysctl.obj (.const:g_pui32Xtals)

.cinit     0    00000c80    00000038     
                  00000c80    0000000f     (.cinit..data.load) [load image, compression = rle]
                  00000c8f    00000001     --HOLE-- [fill = 0]
                  00000c90    0000000c     (__TI_handler_table)
                  00000c9c    00000004     --HOLE-- [fill = 0]
                  00000ca0    00000008     (.cinit..bss.load) [load image, compression = zero_init]
                  00000ca8    00000010     (__TI_cinit_table)

.stack     0    20000000    00000100     UNINITIALIZED
                  20000000    00000100     --HOLE--

.data      0    20000100    00000017     UNINITIALIZED
                  20000100    00000008     rtsv7M4_T_le_v4SPD16_eabi.lib : _lock.obj (.data)
                  20000108    00000008                                   : exit.obj (.data)
                  20000110    00000004                                   : stkdepth_vars.obj (.data)
                  20000114    00000003     main.obj (.data)

.bss       0    20000117    00000010     UNINITIALIZED
                  20000117    00000010     (.common:values)


LINKER GENERATED COPY TABLES

__TI_cinit_table @ 00000ca8 records: 2, size/record: 8, table size: 16
	.data: load addr=00000c80, load size=0000000f bytes, run addr=20000100, run size=00000017 bytes, compression=rle
	.bss: load addr=00000ca0, load size=00000008 bytes, run addr=20000117, run size=00000010 bytes, compression=zero_init


LINKER GENERATED HANDLER TABLE

__TI_handler_table @ 00000c90 records: 3, size/record: 4, table size: 12
	index: 0, handler: __TI_decompress_rle24
	index: 1, handler: __TI_decompress_none
	index: 2, handler: __TI_zero_init


GLOBAL SYMBOLS: SORTED ALPHABETICALLY BY Name 

address    name
--------   ----
00000a59   C$$EXIT
00000b65   CPUcpsie
00000279   FillValuesArray
00000411   InitInterruptModule
0000042f   InitTimerModule
0000090d   IntEnable
00000409   IntMaskEnable
00000b7d   IntMasterEnable
000003d9   PrintNumber
00000b71   ResetISR
UNDEFED    SHT$$INIT_ARRAY$$Base
UNDEFED    SHT$$INIT_ARRAY$$Limit
00000387   SevenSegInit
00000719   SysCtlClockGet
00000615   SysCtlClockSet
00000b8f   SysCtlDelay
00000a9d   SysCtlPeripheralEnable
00000ad1   TimerConfigure
00000b49   TimerEnable
00000b9b   TimerIntClear
00000b87   TimerIntEnable
000004a1   TimerInterruptIncrease
000004ed   TimerInterruptSevenSegmentDisplay
00000b25   TimerLoadSet
20000100   __STACK_END
00000100   __STACK_SIZE
20000200   __STACK_TOP
00000ca8   __TI_CINIT_Base
00000cb8   __TI_CINIT_Limit
00000c90   __TI_Handler_Table_Base
00000c9c   __TI_Handler_Table_Limit
00000001   __TI_args_main
00000879   __TI_auto_init
20000108   __TI_cleanup_ptr
00000b57   __TI_decompress_none
00000b95   __TI_decompress_rle24
2000010c   __TI_dtors_ptr
00000000   __TI_static_base__
00000b37   __TI_zero_init
000007dd   __aeabi_memcpy
000007dd   __aeabi_memcpy4
000007dd   __aeabi_memcpy8
ffffffff   __binit__
ffffffff   __c_args__
20000000   __stack
00000af9   _args_main
000009cd   _c_int00
20000100   _lock
00000b1f   _nop
00000b17   _register_lock
00000b11   _register_unlock
20000104   _unlock
00000a5d   abort
ffffffff   binit
00000a15   copy_in
20000116   currSevenSeg
0000026d   delay
00000a65   exit
00000000   g_pfnVectors
000002db   init
00000519   main
20000110   main_func_sp
000007dd   memcpy
20000114   sevenSegVals
20000117   values


GLOBAL SYMBOLS: SORTED BY Symbol Address 

address    name
--------   ----
00000000   __TI_static_base__
00000000   g_pfnVectors
00000001   __TI_args_main
00000100   __STACK_SIZE
0000026d   delay
00000279   FillValuesArray
000002db   init
00000387   SevenSegInit
000003d9   PrintNumber
00000409   IntMaskEnable
00000411   InitInterruptModule
0000042f   InitTimerModule
000004a1   TimerInterruptIncrease
000004ed   TimerInterruptSevenSegmentDisplay
00000519   main
00000615   SysCtlClockSet
00000719   SysCtlClockGet
000007dd   __aeabi_memcpy
000007dd   __aeabi_memcpy4
000007dd   __aeabi_memcpy8
000007dd   memcpy
00000879   __TI_auto_init
0000090d   IntEnable
000009cd   _c_int00
00000a15   copy_in
00000a59   C$$EXIT
00000a5d   abort
00000a65   exit
00000a9d   SysCtlPeripheralEnable
00000ad1   TimerConfigure
00000af9   _args_main
00000b11   _register_unlock
00000b17   _register_lock
00000b1f   _nop
00000b25   TimerLoadSet
00000b37   __TI_zero_init
00000b49   TimerEnable
00000b57   __TI_decompress_none
00000b65   CPUcpsie
00000b71   ResetISR
00000b7d   IntMasterEnable
00000b87   TimerIntEnable
00000b8f   SysCtlDelay
00000b95   __TI_decompress_rle24
00000b9b   TimerIntClear
00000c90   __TI_Handler_Table_Base
00000c9c   __TI_Handler_Table_Limit
00000ca8   __TI_CINIT_Base
00000cb8   __TI_CINIT_Limit
20000000   __stack
20000100   __STACK_END
20000100   _lock
20000104   _unlock
20000108   __TI_cleanup_ptr
2000010c   __TI_dtors_ptr
20000110   main_func_sp
20000114   sevenSegVals
20000116   currSevenSeg
20000117   values
20000200   __STACK_TOP
ffffffff   __binit__
ffffffff   __c_args__
ffffffff   binit
UNDEFED    SHT$$INIT_ARRAY$$Base
UNDEFED    SHT$$INIT_ARRAY$$Limit

[65 symbols]
