******************************************************************************
                  TI ARM Linker PC v5.1.1                      
******************************************************************************
>> Linked Fri Oct 11 20:16:45 2013

OUTPUT FILE NAME:   <Lab 4 - BCD.out>
ENTRY POINT SYMBOL: "_c_int00"  address: 00000525


MEMORY CONFIGURATION

         name            origin    length      used     unused   attr    fill
----------------------  --------  ---------  --------  --------  ----  --------
  FLASH                 00000000   00040000  00000660  0003f9a0  R  X
  SRAM                  20000000   00008000  00000114  00007eec  RW X


SEGMENT ALLOCATION MAP

run origin  load origin   length   init length attrs members
----------  ----------- ---------- ----------- ----- -------
00000000    00000000    00000660   00000660    r-x
  00000000    00000000    0000026c   0000026c    r-- .intvecs
  0000026c    0000026c    000003d4   000003d4    r-x .text
  00000640    00000640    00000020   00000020    r-- .cinit
20000000    20000000    00000114   00000000    rw-
  20000000    20000000    00000100   00000000    rw- .stack
  20000100    20000100    00000014   00000000    rw- .data


SECTION ALLOCATION MAP

 output                                  attributes/
section   page    origin      length       input sections
--------  ----  ----------  ----------   ----------------
.intvecs   0    00000000    0000026c     
                  00000000    0000026c     tm4c1230h6pm_startup_ccs.obj (.intvecs)

.init_array 
*          0    00000000    00000000     UNINITIALIZED

.text      0    0000026c    000003d4     
                  0000026c    00000128     main.obj (.text)
                  00000394    0000009c     rtsv7M4_T_le_v4SPD16_eabi.lib : memcpy_t2.obj (.text)
                  00000430    00000094                                   : auto_init.obj (.text)
                  000004c4    0000005e                                   : copy_decompress_rle.obj (.text)
                  00000522    00000002     --HOLE-- [fill = 0]
                  00000524    00000048                                   : boot.obj (.text)
                  0000056c    00000044                                   : cpy_tbl.obj (.text)
                  000005b0    00000044                                   : exit.obj (.text)
                  000005f4    00000018                                   : args_main.obj (.text)
                  0000060c    00000014                                   : _lock.obj (.text)
                  00000620    0000000e                                   : copy_decompress_none.obj (.text:decompress:none)
                  0000062e    0000000c     tm4c1230h6pm_startup_ccs.obj (.text)
                  0000063a    00000006     rtsv7M4_T_le_v4SPD16_eabi.lib : copy_decompress_rle.obj (.text:decompress:rle24)

.cinit     0    00000640    00000020     
                  00000640    0000000f     (.cinit..data.load) [load image, compression = rle]
                  0000064f    00000001     --HOLE-- [fill = 0]
                  00000650    00000008     (__TI_handler_table)
                  00000658    00000008     (__TI_cinit_table)

.stack     0    20000000    00000100     UNINITIALIZED
                  20000000    00000100     --HOLE--

.data      0    20000100    00000014     UNINITIALIZED
                  20000100    00000008     rtsv7M4_T_le_v4SPD16_eabi.lib : _lock.obj (.data)
                  20000108    00000008                                   : exit.obj (.data)
                  20000110    00000004                                   : stkdepth_vars.obj (.data)


LINKER GENERATED COPY TABLES

__TI_cinit_table @ 00000658 records: 1, size/record: 8, table size: 8
	.data: load addr=00000640, load size=0000000f bytes, run addr=20000100, run size=00000014 bytes, compression=rle


LINKER GENERATED HANDLER TABLE

__TI_handler_table @ 00000650 records: 2, size/record: 4, table size: 8
	index: 0, handler: __TI_decompress_rle24
	index: 1, handler: __TI_decompress_none


GLOBAL SYMBOLS: SORTED ALPHABETICALLY BY Name 

address    name
--------   ----
000005b1   C$$EXIT
0000062f   ResetISR
UNDEFED    SHT$$INIT_ARRAY$$Base
UNDEFED    SHT$$INIT_ARRAY$$Limit
UNDEFED    SysCtlDelay
20000100   __STACK_END
00000100   __STACK_SIZE
20000200   __STACK_TOP
00000658   __TI_CINIT_Base
00000660   __TI_CINIT_Limit
00000650   __TI_Handler_Table_Base
00000658   __TI_Handler_Table_Limit
00000001   __TI_args_main
00000431   __TI_auto_init
20000108   __TI_cleanup_ptr
00000621   __TI_decompress_none
0000063b   __TI_decompress_rle24
2000010c   __TI_dtors_ptr
00000000   __TI_static_base__
00000395   __aeabi_memcpy
00000395   __aeabi_memcpy4
00000395   __aeabi_memcpy8
ffffffff   __binit__
ffffffff   __c_args__
20000000   __stack
000005f5   _args_main
00000525   _c_int00
20000100   _lock
0000061b   _nop
00000613   _register_lock
0000060d   _register_unlock
20000104   _unlock
000005b5   abort
ffffffff   binit
0000056d   copy_in
0000026d   delay
000005bd   exit
00000000   g_pfnVectors
00000279   init
00000325   main
20000110   main_func_sp
00000395   memcpy


GLOBAL SYMBOLS: SORTED BY Symbol Address 

address    name
--------   ----
00000000   __TI_static_base__
00000000   g_pfnVectors
00000001   __TI_args_main
00000100   __STACK_SIZE
0000026d   delay
00000279   init
00000325   main
00000395   __aeabi_memcpy
00000395   __aeabi_memcpy4
00000395   __aeabi_memcpy8
00000395   memcpy
00000431   __TI_auto_init
00000525   _c_int00
0000056d   copy_in
000005b1   C$$EXIT
000005b5   abort
000005bd   exit
000005f5   _args_main
0000060d   _register_unlock
00000613   _register_lock
0000061b   _nop
00000621   __TI_decompress_none
0000062f   ResetISR
0000063b   __TI_decompress_rle24
00000650   __TI_Handler_Table_Base
00000658   __TI_CINIT_Base
00000658   __TI_Handler_Table_Limit
00000660   __TI_CINIT_Limit
20000000   __stack
20000100   __STACK_END
20000100   _lock
20000104   _unlock
20000108   __TI_cleanup_ptr
2000010c   __TI_dtors_ptr
20000110   main_func_sp
20000200   __STACK_TOP
ffffffff   __binit__
ffffffff   __c_args__
ffffffff   binit
UNDEFED    SHT$$INIT_ARRAY$$Base
UNDEFED    SHT$$INIT_ARRAY$$Limit
UNDEFED    SysCtlDelay

[42 symbols]
