******************************************************************************
                  TI ARM Linker PC v5.1.1                      
******************************************************************************
>> Linked Mon Oct 14 02:22:43 2013

OUTPUT FILE NAME:   <Lab 4 - Calculator (Homework).out>
ENTRY POINT SYMBOL: "_c_int00"  address: 00000cc9


MEMORY CONFIGURATION

         name            origin    length      used     unused   attr    fill
----------------------  --------  ---------  --------  --------  ----  --------
  FLASH                 00000000   00040000  00000fb6  0003f04a  R  X
  SRAM                  20000000   00008000  00000144  00007ebc  RW X


SEGMENT ALLOCATION MAP

run origin  load origin   length   init length attrs members
----------  ----------- ---------- ----------- ----- -------
00000000    00000000    00000fb8   00000fb8    r-x
  00000000    00000000    0000026c   0000026c    r-- .intvecs
  0000026c    0000026c    00000c2e   00000c2e    r-x .text
  00000e9c    00000e9c    000000dc   000000dc    r-- .const
  00000f78    00000f78    00000040   00000040    r-- .cinit
20000000    20000000    00000144   00000000    rw-
  20000000    20000000    00000100   00000000    rw- .stack
  20000100    20000100    00000024   00000000    rw- .data
  20000124    20000124    00000020   00000000    rw- .bss


SECTION ALLOCATION MAP

 output                                  attributes/
section   page    origin      length       input sections
--------  ----  ----------  ----------   ----------------
.intvecs   0    00000000    0000026c     
                  00000000    0000026c     tm4c1230h6pm_startup_ccs.obj (.intvecs)

.init_array 
*          0    00000000    00000000     UNINITIALIZED

.text      0    0000026c    00000c2e     
                  0000026c    000006a4     main.obj (.text)
                  00000910    00000104     driverlib.lib : sysctl.obj (.text:SysCtlClockSet)
                  00000a14    000000c4                   : sysctl.obj (.text:SysCtlClockGet)
                  00000ad8    0000009c     rtsv7M4_T_le_v4SPD16_eabi.lib : memcpy_t2.obj (.text)
                  00000b74    00000094                                   : auto_init.obj (.text)
                  00000c08    00000060     driverlib.lib : interrupt.obj (.text:IntEnable)
                  00000c68    0000005e     rtsv7M4_T_le_v4SPD16_eabi.lib : copy_decompress_rle.obj (.text)
                  00000cc6    00000002     --HOLE-- [fill = 0]
                  00000cc8    00000048                                   : boot.obj (.text)
                  00000d10    00000044                                   : cpy_tbl.obj (.text)
                  00000d54    00000044                                   : exit.obj (.text)
                  00000d98    00000034     driverlib.lib : sysctl.obj (.text:SysCtlPeripheralEnable)
                  00000dcc    00000028                   : timer.obj (.text:TimerConfigure)
                  00000df4    00000018     rtsv7M4_T_le_v4SPD16_eabi.lib : args_main.obj (.text)
                  00000e0c    00000014                                   : _lock.obj (.text)
                  00000e20    00000012     driverlib.lib : timer.obj (.text:TimerLoadSet)
                  00000e32    00000012     rtsv7M4_T_le_v4SPD16_eabi.lib : copy_zero_init.obj (.text:decompress:ZI)
                  00000e44    0000000e     driverlib.lib : timer.obj (.text:TimerEnable)
                  00000e52    0000000e     rtsv7M4_T_le_v4SPD16_eabi.lib : copy_decompress_none.obj (.text:decompress:none)
                  00000e60    0000000c     driverlib.lib : cpu.obj (.text:CPUcpsie)
                  00000e6c    0000000c     tm4c1230h6pm_startup_ccs.obj (.text)
                  00000e78    0000000a     driverlib.lib : interrupt.obj (.text:IntMasterEnable)
                  00000e82    00000008                   : timer.obj (.text:TimerIntEnable)
                  00000e8a    00000006                   : sysctl.obj (.text:SysCtlDelay)
                  00000e90    00000006     rtsv7M4_T_le_v4SPD16_eabi.lib : copy_decompress_rle.obj (.text:decompress:rle24)
                  00000e96    00000004     driverlib.lib : timer.obj (.text:TimerIntClear)

.const     0    00000e9c    000000dc     
                  00000e9c    00000070     driverlib.lib : interrupt.obj (.const)
                  00000f0c    0000006c                   : sysctl.obj (.const:g_pui32Xtals)

.cinit     0    00000f78    00000040     
                  00000f78    00000016     (.cinit..data.load) [load image, compression = rle]
                  00000f8e    00000002     --HOLE-- [fill = 0]
                  00000f90    0000000c     (__TI_handler_table)
                  00000f9c    00000004     --HOLE-- [fill = 0]
                  00000fa0    00000008     (.cinit..bss.load) [load image, compression = zero_init]
                  00000fa8    00000010     (__TI_cinit_table)

.stack     0    20000000    00000100     UNINITIALIZED
                  20000000    00000100     --HOLE--

.data      0    20000100    00000024     UNINITIALIZED
                  20000100    0000000e     main.obj (.data)
                  2000010e    00000002     --HOLE--
                  20000110    00000008     rtsv7M4_T_le_v4SPD16_eabi.lib : _lock.obj (.data)
                  20000118    00000008                                   : exit.obj (.data)
                  20000120    00000004                                   : stkdepth_vars.obj (.data)

.bss       0    20000124    00000020     UNINITIALIZED
                  20000124    00000014     (.common:values)
                  20000138    0000000c     (.common:buttons)


LINKER GENERATED COPY TABLES

__TI_cinit_table @ 00000fa8 records: 2, size/record: 8, table size: 16
	.data: load addr=00000f78, load size=00000016 bytes, run addr=20000100, run size=00000024 bytes, compression=rle
	.bss: load addr=00000fa0, load size=00000008 bytes, run addr=20000124, run size=00000020 bytes, compression=zero_init


LINKER GENERATED HANDLER TABLE

__TI_handler_table @ 00000f90 records: 3, size/record: 4, table size: 12
	index: 0, handler: __TI_decompress_rle24
	index: 1, handler: __TI_decompress_none
	index: 2, handler: __TI_zero_init


GLOBAL SYMBOLS: SORTED ALPHABETICALLY BY Name 

address    name
--------   ----
00000d55   C$$EXIT
00000e61   CPUcpsie
00000471   ExtraButtonsInterruptEnable
000002e1   FillKeypadButtonsArray
00000279   FillValuesArray
00000625   FindKeypadButtonPressed
00000545   InitTimerModule
00000c09   IntEnable
00000e79   IntMasterEnable
000007d1   InterruptExtraButtonPressed
00000731   InterruptGPIOEPressed
00000491   KeypadInit
00000451   KeypadInterruptEnable
00000515   PrintNumber
00000e6d   ResetISR
UNDEFED    SHT$$INIT_ARRAY$$Base
UNDEFED    SHT$$INIT_ARRAY$$Limit
000003d7   SevenSegInit
00000a15   SysCtlClockGet
00000911   SysCtlClockSet
00000e8b   SysCtlDelay
00000d99   SysCtlPeripheralEnable
00000dcd   TimerConfigure
00000e45   TimerEnable
00000e97   TimerIntClear
00000e83   TimerIntEnable
000006b5   TimerInterruptKeypadScan
000005bb   TimerInterruptSevenSegmentDisplay
00000e21   TimerLoadSet
20000100   __STACK_END
00000100   __STACK_SIZE
20000200   __STACK_TOP
00000fa8   __TI_CINIT_Base
00000fb8   __TI_CINIT_Limit
00000f90   __TI_Handler_Table_Base
00000f9c   __TI_Handler_Table_Limit
00000001   __TI_args_main
00000b75   __TI_auto_init
20000118   __TI_cleanup_ptr
00000e53   __TI_decompress_none
00000e91   __TI_decompress_rle24
2000011c   __TI_dtors_ptr
00000000   __TI_static_base__
00000e33   __TI_zero_init
00000ad9   __aeabi_memcpy
00000ad9   __aeabi_memcpy4
00000ad9   __aeabi_memcpy8
ffffffff   __binit__
ffffffff   __c_args__
20000000   __stack
00000df5   _args_main
00000cc9   _c_int00
20000110   _lock
00000e1b   _nop
00000e13   _register_lock
00000e0d   _register_unlock
20000114   _unlock
00000d59   abort
ffffffff   binit
20000138   buttons
00000d11   copy_in
2000010a   currSevenSeg
20000108   currState
0000026d   delay
00000d61   exit
00000000   g_pfnVectors
0000032b   init
2000010b   keypadScanCurr
20000105   lastKeysPressed
20000109   lastPressedKey
00000895   main
20000120   main_func_sp
00000ad9   memcpy
2000010c   output
20000104   portBCurrState
20000100   portBStates
20000124   values


GLOBAL SYMBOLS: SORTED BY Symbol Address 

address    name
--------   ----
00000000   __TI_static_base__
00000000   g_pfnVectors
00000001   __TI_args_main
00000100   __STACK_SIZE
0000026d   delay
00000279   FillValuesArray
000002e1   FillKeypadButtonsArray
0000032b   init
000003d7   SevenSegInit
00000451   KeypadInterruptEnable
00000471   ExtraButtonsInterruptEnable
00000491   KeypadInit
00000515   PrintNumber
00000545   InitTimerModule
000005bb   TimerInterruptSevenSegmentDisplay
00000625   FindKeypadButtonPressed
000006b5   TimerInterruptKeypadScan
00000731   InterruptGPIOEPressed
000007d1   InterruptExtraButtonPressed
00000895   main
00000911   SysCtlClockSet
00000a15   SysCtlClockGet
00000ad9   __aeabi_memcpy
00000ad9   __aeabi_memcpy4
00000ad9   __aeabi_memcpy8
00000ad9   memcpy
00000b75   __TI_auto_init
00000c09   IntEnable
00000cc9   _c_int00
00000d11   copy_in
00000d55   C$$EXIT
00000d59   abort
00000d61   exit
00000d99   SysCtlPeripheralEnable
00000dcd   TimerConfigure
00000df5   _args_main
00000e0d   _register_unlock
00000e13   _register_lock
00000e1b   _nop
00000e21   TimerLoadSet
00000e33   __TI_zero_init
00000e45   TimerEnable
00000e53   __TI_decompress_none
00000e61   CPUcpsie
00000e6d   ResetISR
00000e79   IntMasterEnable
00000e83   TimerIntEnable
00000e8b   SysCtlDelay
00000e91   __TI_decompress_rle24
00000e97   TimerIntClear
00000f90   __TI_Handler_Table_Base
00000f9c   __TI_Handler_Table_Limit
00000fa8   __TI_CINIT_Base
00000fb8   __TI_CINIT_Limit
20000000   __stack
20000100   __STACK_END
20000100   portBStates
20000104   portBCurrState
20000105   lastKeysPressed
20000108   currState
20000109   lastPressedKey
2000010a   currSevenSeg
2000010b   keypadScanCurr
2000010c   output
20000110   _lock
20000114   _unlock
20000118   __TI_cleanup_ptr
2000011c   __TI_dtors_ptr
20000120   main_func_sp
20000124   values
20000138   buttons
20000200   __STACK_TOP
ffffffff   __binit__
ffffffff   __c_args__
ffffffff   binit
UNDEFED    SHT$$INIT_ARRAY$$Base
UNDEFED    SHT$$INIT_ARRAY$$Limit

[77 symbols]
