******************************************************************************
                  TI ARM Linker PC v5.1.1                      
******************************************************************************
>> Linked Sun Oct 13 04:59:43 2013

OUTPUT FILE NAME:   <Lab 4 - Calculator (Homework).out>
ENTRY POINT SYMBOL: "_c_int00"  address: 00000b79


MEMORY CONFIGURATION

         name            origin    length      used     unused   attr    fill
----------------------  --------  ---------  --------  --------  ----  --------
  FLASH                 00000000   00040000  00000e66  0003f19a  R  X
  SRAM                  20000000   00008000  0000013c  00007ec4  RW X


SEGMENT ALLOCATION MAP

run origin  load origin   length   init length attrs members
----------  ----------- ---------- ----------- ----- -------
00000000    00000000    00000e68   00000e68    r-x
  00000000    00000000    0000026c   0000026c    r-- .intvecs
  0000026c    0000026c    00000ade   00000ade    r-x .text
  00000d4c    00000d4c    000000dc   000000dc    r-- .const
  00000e28    00000e28    00000040   00000040    r-- .cinit
20000000    20000000    0000013c   00000000    rw-
  20000000    20000000    00000100   00000000    rw- .stack
  20000100    20000100    00000020   00000000    rw- .data
  20000120    20000120    0000001c   00000000    rw- .bss


SECTION ALLOCATION MAP

 output                                  attributes/
section   page    origin      length       input sections
--------  ----  ----------  ----------   ----------------
.intvecs   0    00000000    0000026c     
                  00000000    0000026c     tm4c1230h6pm_startup_ccs.obj (.intvecs)

.init_array 
*          0    00000000    00000000     UNINITIALIZED

.text      0    0000026c    00000ade     
                  0000026c    00000554     main.obj (.text)
                  000007c0    00000104     driverlib.lib : sysctl.obj (.text:SysCtlClockSet)
                  000008c4    000000c4                   : sysctl.obj (.text:SysCtlClockGet)
                  00000988    0000009c     rtsv7M4_T_le_v4SPD16_eabi.lib : memcpy_t2.obj (.text)
                  00000a24    00000094                                   : auto_init.obj (.text)
                  00000ab8    00000060     driverlib.lib : interrupt.obj (.text:IntEnable)
                  00000b18    0000005e     rtsv7M4_T_le_v4SPD16_eabi.lib : copy_decompress_rle.obj (.text)
                  00000b76    00000002     --HOLE-- [fill = 0]
                  00000b78    00000048                                   : boot.obj (.text)
                  00000bc0    00000044                                   : cpy_tbl.obj (.text)
                  00000c04    00000044                                   : exit.obj (.text)
                  00000c48    00000034     driverlib.lib : sysctl.obj (.text:SysCtlPeripheralEnable)
                  00000c7c    00000028                   : timer.obj (.text:TimerConfigure)
                  00000ca4    00000018     rtsv7M4_T_le_v4SPD16_eabi.lib : args_main.obj (.text)
                  00000cbc    00000014                                   : _lock.obj (.text)
                  00000cd0    00000012     driverlib.lib : timer.obj (.text:TimerLoadSet)
                  00000ce2    00000012     rtsv7M4_T_le_v4SPD16_eabi.lib : copy_zero_init.obj (.text:decompress:ZI)
                  00000cf4    0000000e     driverlib.lib : timer.obj (.text:TimerEnable)
                  00000d02    0000000e     rtsv7M4_T_le_v4SPD16_eabi.lib : copy_decompress_none.obj (.text:decompress:none)
                  00000d10    0000000c     driverlib.lib : cpu.obj (.text:CPUcpsie)
                  00000d1c    0000000c     tm4c1230h6pm_startup_ccs.obj (.text)
                  00000d28    0000000a     driverlib.lib : interrupt.obj (.text:IntMasterEnable)
                  00000d32    00000008                   : timer.obj (.text:TimerIntEnable)
                  00000d3a    00000006                   : sysctl.obj (.text:SysCtlDelay)
                  00000d40    00000006     rtsv7M4_T_le_v4SPD16_eabi.lib : copy_decompress_rle.obj (.text:decompress:rle24)
                  00000d46    00000004     driverlib.lib : timer.obj (.text:TimerIntClear)

.const     0    00000d4c    000000dc     
                  00000d4c    00000070     driverlib.lib : interrupt.obj (.const)
                  00000dbc    0000006c                   : sysctl.obj (.const:g_pui32Xtals)

.cinit     0    00000e28    00000040     
                  00000e28    00000016     (.cinit..data.load) [load image, compression = rle]
                  00000e3e    00000002     --HOLE-- [fill = 0]
                  00000e40    0000000c     (__TI_handler_table)
                  00000e4c    00000004     --HOLE-- [fill = 0]
                  00000e50    00000008     (.cinit..bss.load) [load image, compression = zero_init]
                  00000e58    00000010     (__TI_cinit_table)

.stack     0    20000000    00000100     UNINITIALIZED
                  20000000    00000100     --HOLE--

.data      0    20000100    00000020     UNINITIALIZED
                  20000100    0000000a     main.obj (.data)
                  2000010a    00000002     --HOLE--
                  2000010c    00000008     rtsv7M4_T_le_v4SPD16_eabi.lib : _lock.obj (.data)
                  20000114    00000008                                   : exit.obj (.data)
                  2000011c    00000004                                   : stkdepth_vars.obj (.data)

.bss       0    20000120    0000001c     UNINITIALIZED
                  20000120    00000010     (.common:values)
                  20000130    0000000c     (.common:buttons)


LINKER GENERATED COPY TABLES

__TI_cinit_table @ 00000e58 records: 2, size/record: 8, table size: 16
	.data: load addr=00000e28, load size=00000016 bytes, run addr=20000100, run size=00000020 bytes, compression=rle
	.bss: load addr=00000e50, load size=00000008 bytes, run addr=20000120, run size=0000001c bytes, compression=zero_init


LINKER GENERATED HANDLER TABLE

__TI_handler_table @ 00000e40 records: 3, size/record: 4, table size: 12
	index: 0, handler: __TI_decompress_rle24
	index: 1, handler: __TI_decompress_none
	index: 2, handler: __TI_zero_init


GLOBAL SYMBOLS: SORTED ALPHABETICALLY BY Name 

address    name
--------   ----
00000c05   C$$EXIT
00000d11   CPUcpsie
00000443   ExtraButtonsInterruptEnable
000002db   FillKeypadButtonsArray
00000279   FillValuesArray
00000575   FindKeypadButtonPressed
000004d3   InitTimerModule
00000ab9   IntEnable
00000d29   IntMasterEnable
00000681   InterruptGPIOEPressed
0000045f   KeypadInit
00000427   KeypadInterruptEnable
000004a3   PrintNumber
00000d1d   ResetISR
UNDEFED    SHT$$INIT_ARRAY$$Base
UNDEFED    SHT$$INIT_ARRAY$$Limit
000003d1   SevenSegInit
000008c5   SysCtlClockGet
000007c1   SysCtlClockSet
00000d3b   SysCtlDelay
00000c49   SysCtlPeripheralEnable
00000c7d   TimerConfigure
00000cf5   TimerEnable
00000d47   TimerIntClear
00000d33   TimerIntEnable
000005cd   TimerInterruptKeypadScan
00000549   TimerInterruptSevenSegmentDisplay
00000cd1   TimerLoadSet
20000100   __STACK_END
00000100   __STACK_SIZE
20000200   __STACK_TOP
00000e58   __TI_CINIT_Base
00000e68   __TI_CINIT_Limit
00000e40   __TI_Handler_Table_Base
00000e4c   __TI_Handler_Table_Limit
00000001   __TI_args_main
00000a25   __TI_auto_init
20000114   __TI_cleanup_ptr
00000d03   __TI_decompress_none
00000d41   __TI_decompress_rle24
20000118   __TI_dtors_ptr
00000000   __TI_static_base__
00000ce3   __TI_zero_init
00000989   __aeabi_memcpy
00000989   __aeabi_memcpy4
00000989   __aeabi_memcpy8
ffffffff   __binit__
ffffffff   __c_args__
20000000   __stack
00000ca5   _args_main
00000b79   _c_int00
2000010c   _lock
00000ccb   _nop
00000cc3   _register_lock
00000cbd   _register_unlock
20000110   _unlock
00000c09   abort
ffffffff   binit
20000130   buttons
00000bc1   copy_in
20000108   currSevenSeg
0000026d   delay
00000c11   exit
00000000   g_pfnVectors
00000325   init
20000109   keypadScanCurr
20000105   lastKeysPressed
20000107   lastPressedKey
00000735   main
2000011c   main_func_sp
00000989   memcpy
20000104   portBCurrState
20000100   portBStates
20000120   values


GLOBAL SYMBOLS: SORTED BY Symbol Address 

address    name
--------   ----
00000000   __TI_static_base__
00000000   g_pfnVectors
00000001   __TI_args_main
00000100   __STACK_SIZE
0000026d   delay
00000279   FillValuesArray
000002db   FillKeypadButtonsArray
00000325   init
000003d1   SevenSegInit
00000427   KeypadInterruptEnable
00000443   ExtraButtonsInterruptEnable
0000045f   KeypadInit
000004a3   PrintNumber
000004d3   InitTimerModule
00000549   TimerInterruptSevenSegmentDisplay
00000575   FindKeypadButtonPressed
000005cd   TimerInterruptKeypadScan
00000681   InterruptGPIOEPressed
00000735   main
000007c1   SysCtlClockSet
000008c5   SysCtlClockGet
00000989   __aeabi_memcpy
00000989   __aeabi_memcpy4
00000989   __aeabi_memcpy8
00000989   memcpy
00000a25   __TI_auto_init
00000ab9   IntEnable
00000b79   _c_int00
00000bc1   copy_in
00000c05   C$$EXIT
00000c09   abort
00000c11   exit
00000c49   SysCtlPeripheralEnable
00000c7d   TimerConfigure
00000ca5   _args_main
00000cbd   _register_unlock
00000cc3   _register_lock
00000ccb   _nop
00000cd1   TimerLoadSet
00000ce3   __TI_zero_init
00000cf5   TimerEnable
00000d03   __TI_decompress_none
00000d11   CPUcpsie
00000d1d   ResetISR
00000d29   IntMasterEnable
00000d33   TimerIntEnable
00000d3b   SysCtlDelay
00000d41   __TI_decompress_rle24
00000d47   TimerIntClear
00000e40   __TI_Handler_Table_Base
00000e4c   __TI_Handler_Table_Limit
00000e58   __TI_CINIT_Base
00000e68   __TI_CINIT_Limit
20000000   __stack
20000100   __STACK_END
20000100   portBStates
20000104   portBCurrState
20000105   lastKeysPressed
20000107   lastPressedKey
20000108   currSevenSeg
20000109   keypadScanCurr
2000010c   _lock
20000110   _unlock
20000114   __TI_cleanup_ptr
20000118   __TI_dtors_ptr
2000011c   main_func_sp
20000120   values
20000130   buttons
20000200   __STACK_TOP
ffffffff   __binit__
ffffffff   __c_args__
ffffffff   binit
UNDEFED    SHT$$INIT_ARRAY$$Base
UNDEFED    SHT$$INIT_ARRAY$$Limit

[74 symbols]
