******************************************************************************
                  TI ARM Linker PC v5.1.1                      
******************************************************************************
>> Linked Wed Oct 09 00:54:33 2013

OUTPUT FILE NAME:   <Lab 4 - Low Power Mode.out>
ENTRY POINT SYMBOL: "_c_int00"  address: 00000971


MEMORY CONFIGURATION

         name            origin    length      used     unused   attr    fill
----------------------  --------  ---------  --------  --------  ----  --------
  FLASH                 00000000   00040000  00000b78  0003f488  R  X
  SRAM                  20000000   00008000  00000264  00007d9c  RW X


SEGMENT ALLOCATION MAP

run origin  load origin   length   init length attrs members
----------  ----------- ---------- ----------- ----- -------
00000000    00000000    00000b78   00000b78    r-x
  00000000    00000000    0000026c   0000026c    r-- .intvecs
  0000026c    0000026c    0000085c   0000085c    r-x .text
  00000ac8    00000ac8    00000070   00000070    r-- .const
  00000b38    00000b38    00000040   00000040    r-- .cinit
20000000    20000000    00000264   00000000    rw-
  20000000    20000000    00000140   00000000    rw- .bss
  20000140    20000140    00000100   00000000    rw- .stack
  20000240    20000240    00000024   00000000    rw- .data


SECTION ALLOCATION MAP

 output                                  attributes/
section   page    origin      length       input sections
--------  ----  ----------  ----------   ----------------
.intvecs   0    00000000    0000026c     
                  00000000    0000026c     tm4c1230h6pm_startup_ccs.obj (.intvecs)

.init_array 
*          0    00000000    00000000     UNINITIALIZED

.text      0    0000026c    0000085c     
                  0000026c    00000514     main.obj (.text)
                  00000780    0000009c     rtsv7M4_T_le_v4SPD16_eabi.lib : memcpy_t2.obj (.text)
                  0000081c    00000094                                   : auto_init.obj (.text)
                  000008b0    00000060     driverlib.lib : interrupt.obj (.text:IntEnable)
                  00000910    0000005e     rtsv7M4_T_le_v4SPD16_eabi.lib : copy_decompress_rle.obj (.text)
                  0000096e    00000002     --HOLE-- [fill = 0]
                  00000970    00000048                                   : boot.obj (.text)
                  000009b8    00000044                                   : cpy_tbl.obj (.text)
                  000009fc    00000044                                   : exit.obj (.text)
                  00000a40    00000018                                   : args_main.obj (.text)
                  00000a58    00000014                                   : _lock.obj (.text)
                  00000a6c    00000012                                   : copy_zero_init.obj (.text:decompress:ZI)
                  00000a7e    00000010                                   : strcpy.obj (.text)
                  00000a8e    0000000e                                   : copy_decompress_none.obj (.text:decompress:none)
                  00000a9c    0000000c     driverlib.lib : cpu.obj (.text:CPUcpsie)
                  00000aa8    0000000c     tm4c1230h6pm_startup_ccs.obj (.text)
                  00000ab4    0000000a     driverlib.lib : interrupt.obj (.text:IntMasterEnable)
                  00000abe    00000006     rtsv7M4_T_le_v4SPD16_eabi.lib : copy_decompress_rle.obj (.text:decompress:rle24)
                  00000ac4    00000004     driverlib.lib : cpu.obj (.text:CPUwfi)

.const     0    00000ac8    00000070     
                  00000ac8    00000070     driverlib.lib : interrupt.obj (.const)

.cinit     0    00000b38    00000040     
                  00000b38    0000001a     (.cinit..data.load) [load image, compression = rle]
                  00000b52    00000002     --HOLE-- [fill = 0]
                  00000b54    0000000c     (__TI_handler_table)
                  00000b60    00000008     (.cinit..bss.load) [load image, compression = zero_init]
                  00000b68    00000010     (__TI_cinit_table)

.bss       0    20000000    00000140     UNINITIALIZED
                  20000000    00000140     main.obj (.bss:words)

.stack     0    20000140    00000100     UNINITIALIZED
                  20000140    00000100     --HOLE--

.data      0    20000240    00000024     UNINITIALIZED
                  20000240    00000010     main.obj (.data)
                  20000250    00000008     rtsv7M4_T_le_v4SPD16_eabi.lib : _lock.obj (.data)
                  20000258    00000008                                   : exit.obj (.data)
                  20000260    00000004                                   : stkdepth_vars.obj (.data)


LINKER GENERATED COPY TABLES

__TI_cinit_table @ 00000b68 records: 2, size/record: 8, table size: 16
	.data: load addr=00000b38, load size=0000001a bytes, run addr=20000240, run size=00000024 bytes, compression=rle
	.bss: load addr=00000b60, load size=00000008 bytes, run addr=20000000, run size=00000140 bytes, compression=zero_init


LINKER GENERATED HANDLER TABLE

__TI_handler_table @ 00000b54 records: 3, size/record: 4, table size: 12
	index: 0, handler: __TI_decompress_rle24
	index: 1, handler: __TI_decompress_none
	index: 2, handler: __TI_zero_init


GLOBAL SYMBOLS: SORTED ALPHABETICALLY BY Name 

address    name
--------   ----
000009fd   C$$EXIT
00000a9d   CPUcpsie
00000ac5   CPUwfi
000008b1   IntEnable
00000ab5   IntMasterEnable
00000aa9   ResetISR
UNDEFED    SHT$$INIT_ARRAY$$Base
UNDEFED    SHT$$INIT_ARRAY$$Limit
20000240   __STACK_END
00000100   __STACK_SIZE
20000340   __STACK_TOP
00000b68   __TI_CINIT_Base
00000b78   __TI_CINIT_Limit
00000b54   __TI_Handler_Table_Base
00000b60   __TI_Handler_Table_Limit
00000001   __TI_args_main
0000081d   __TI_auto_init
20000258   __TI_cleanup_ptr
00000a8f   __TI_decompress_none
00000abf   __TI_decompress_rle24
2000025c   __TI_dtors_ptr
00000000   __TI_static_base__
00000a6d   __TI_zero_init
00000781   __aeabi_memcpy
00000781   __aeabi_memcpy4
00000781   __aeabi_memcpy8
ffffffff   __binit__
ffffffff   __c_args__
20000140   __stack
00000a41   _args_main
00000971   _c_int00
20000250   _lock
00000a67   _nop
00000a5f   _register_lock
00000a59   _register_unlock
20000254   _unlock
00000a01   abort
ffffffff   binit
0000049b   clearAllGPIOAInterrupts
000009b9   copy_in
20000240   count
0000026d   delay
20000244   diff
00000a09   exit
00000000   g_pfnVectors
00000291   init
000004a3   interruptGPIOAMaskDisabler
000004ab   interruptInGPIOA
2000024c   isPressed
000003a1   lcdCharacterWrite
0000033d   lcdCommandWrite
000003f1   lcdInit
00000475   lcdStringWrite
000005cd   main
20000260   main_func_sp
00000781   memcpy
20000248   mod
00000a7f   strcpy
20000000   words


GLOBAL SYMBOLS: SORTED BY Symbol Address 

address    name
--------   ----
00000000   __TI_static_base__
00000000   g_pfnVectors
00000001   __TI_args_main
00000100   __STACK_SIZE
0000026d   delay
00000291   init
0000033d   lcdCommandWrite
000003a1   lcdCharacterWrite
000003f1   lcdInit
00000475   lcdStringWrite
0000049b   clearAllGPIOAInterrupts
000004a3   interruptGPIOAMaskDisabler
000004ab   interruptInGPIOA
000005cd   main
00000781   __aeabi_memcpy
00000781   __aeabi_memcpy4
00000781   __aeabi_memcpy8
00000781   memcpy
0000081d   __TI_auto_init
000008b1   IntEnable
00000971   _c_int00
000009b9   copy_in
000009fd   C$$EXIT
00000a01   abort
00000a09   exit
00000a41   _args_main
00000a59   _register_unlock
00000a5f   _register_lock
00000a67   _nop
00000a6d   __TI_zero_init
00000a7f   strcpy
00000a8f   __TI_decompress_none
00000a9d   CPUcpsie
00000aa9   ResetISR
00000ab5   IntMasterEnable
00000abf   __TI_decompress_rle24
00000ac5   CPUwfi
00000b54   __TI_Handler_Table_Base
00000b60   __TI_Handler_Table_Limit
00000b68   __TI_CINIT_Base
00000b78   __TI_CINIT_Limit
20000000   words
20000140   __stack
20000240   __STACK_END
20000240   count
20000244   diff
20000248   mod
2000024c   isPressed
20000250   _lock
20000254   _unlock
20000258   __TI_cleanup_ptr
2000025c   __TI_dtors_ptr
20000260   main_func_sp
20000340   __STACK_TOP
ffffffff   __binit__
ffffffff   __c_args__
ffffffff   binit
UNDEFED    SHT$$INIT_ARRAY$$Base
UNDEFED    SHT$$INIT_ARRAY$$Limit

[59 symbols]
