******************************************************************************
                  TI ARM Linker PC v5.1.1                      
******************************************************************************
>> Linked Sat Oct 12 19:55:01 2013

OUTPUT FILE NAME:   <Lab 4 - Keypad.out>
ENTRY POINT SYMBOL: "_c_int00"  address: 00000b51


MEMORY CONFIGURATION

         name            origin    length      used     unused   attr    fill
----------------------  --------  ---------  --------  --------  ----  --------
  FLASH                 00000000   00040000  00000e3e  0003f1c2  R  X
  SRAM                  20000000   00008000  0000013c  00007ec4  RW X


SEGMENT ALLOCATION MAP

run origin  load origin   length   init length attrs members
----------  ----------- ---------- ----------- ----- -------
00000000    00000000    00000e40   00000e40    r-x
  00000000    00000000    0000026c   0000026c    r-- .intvecs
  0000026c    0000026c    00000ab6   00000ab6    r-x .text
  00000d24    00000d24    000000dc   000000dc    r-- .const
  00000e00    00000e00    00000040   00000040    r-- .cinit
20000000    20000000    0000013c   00000000    rw-
  20000000    20000000    00000100   00000000    rw- .stack
  20000100    20000100    00000020   00000000    rw- .data
  20000120    20000120    0000001c   00000000    rw- .bss


SECTION ALLOCATION MAP

 output                                  attributes/
section   page    origin      length       input sections
--------  ----  ----------  ----------   ----------------
.intvecs   0    00000000    0000026c     
                  00000000    0000026c     tm4c1230h6pm_startup_ccs.obj (.intvecs)

.init_array 
*          0    00000000    00000000     UNINITIALIZED

.text      0    0000026c    00000ab6     
                  0000026c    0000052c     main.obj (.text)
                  00000798    00000104     driverlib.lib : sysctl.obj (.text:SysCtlClockSet)
                  0000089c    000000c4                   : sysctl.obj (.text:SysCtlClockGet)
                  00000960    0000009c     rtsv7M4_T_le_v4SPD16_eabi.lib : memcpy_t2.obj (.text)
                  000009fc    00000094                                   : auto_init.obj (.text)
                  00000a90    00000060     driverlib.lib : interrupt.obj (.text:IntEnable)
                  00000af0    0000005e     rtsv7M4_T_le_v4SPD16_eabi.lib : copy_decompress_rle.obj (.text)
                  00000b4e    00000002     --HOLE-- [fill = 0]
                  00000b50    00000048                                   : boot.obj (.text)
                  00000b98    00000044                                   : cpy_tbl.obj (.text)
                  00000bdc    00000044                                   : exit.obj (.text)
                  00000c20    00000034     driverlib.lib : sysctl.obj (.text:SysCtlPeripheralEnable)
                  00000c54    00000028                   : timer.obj (.text:TimerConfigure)
                  00000c7c    00000018     rtsv7M4_T_le_v4SPD16_eabi.lib : args_main.obj (.text)
                  00000c94    00000014                                   : _lock.obj (.text)
                  00000ca8    00000012     driverlib.lib : timer.obj (.text:TimerLoadSet)
                  00000cba    00000012     rtsv7M4_T_le_v4SPD16_eabi.lib : copy_zero_init.obj (.text:decompress:ZI)
                  00000ccc    0000000e     driverlib.lib : timer.obj (.text:TimerEnable)
                  00000cda    0000000e     rtsv7M4_T_le_v4SPD16_eabi.lib : copy_decompress_none.obj (.text:decompress:none)
                  00000ce8    0000000c     driverlib.lib : cpu.obj (.text:CPUcpsie)
                  00000cf4    0000000c     tm4c1230h6pm_startup_ccs.obj (.text)
                  00000d00    0000000a     driverlib.lib : interrupt.obj (.text:IntMasterEnable)
                  00000d0a    00000008                   : timer.obj (.text:TimerIntEnable)
                  00000d12    00000006                   : sysctl.obj (.text:SysCtlDelay)
                  00000d18    00000006     rtsv7M4_T_le_v4SPD16_eabi.lib : copy_decompress_rle.obj (.text:decompress:rle24)
                  00000d1e    00000004     driverlib.lib : timer.obj (.text:TimerIntClear)

.const     0    00000d24    000000dc     
                  00000d24    00000070     driverlib.lib : interrupt.obj (.const)
                  00000d94    0000006c                   : sysctl.obj (.const:g_pui32Xtals)

.cinit     0    00000e00    00000040     
                  00000e00    00000016     (.cinit..data.load) [load image, compression = rle]
                  00000e16    00000002     --HOLE-- [fill = 0]
                  00000e18    0000000c     (__TI_handler_table)
                  00000e24    00000004     --HOLE-- [fill = 0]
                  00000e28    00000008     (.cinit..bss.load) [load image, compression = zero_init]
                  00000e30    00000010     (__TI_cinit_table)

.stack     0    20000000    00000100     UNINITIALIZED
                  20000000    00000100     --HOLE--

.data      0    20000100    00000020     UNINITIALIZED
                  20000100    0000000a     main.obj (.data)
                  2000010a    00000002     --HOLE--
                  2000010c    00000008     rtsv7M4_T_le_v4SPD16_eabi.lib : _lock.obj (.data)
                  20000114    00000008                                   : exit.obj (.data)
                  2000011c    00000004                                   : stkdepth_vars.obj (.data)

.bss       0    20000120    0000001c     UNINITIALIZED
                  20000120    00000010     (.common:values)
                  20000130    0000000c     (.common:buttons)


LINKER GENERATED COPY TABLES

__TI_cinit_table @ 00000e30 records: 2, size/record: 8, table size: 16
	.data: load addr=00000e00, load size=00000016 bytes, run addr=20000100, run size=00000020 bytes, compression=rle
	.bss: load addr=00000e28, load size=00000008 bytes, run addr=20000120, run size=0000001c bytes, compression=zero_init


LINKER GENERATED HANDLER TABLE

__TI_handler_table @ 00000e18 records: 3, size/record: 4, table size: 12
	index: 0, handler: __TI_decompress_rle24
	index: 1, handler: __TI_decompress_none
	index: 2, handler: __TI_zero_init


GLOBAL SYMBOLS: SORTED ALPHABETICALLY BY Name 

address    name
--------   ----
00000bdd   C$$EXIT
00000ce9   CPUcpsie
000002db   FillKeypadButtonsArray
00000279   FillValuesArray
00000559   FindKeypadButtonPressed
000004b7   InitTimerModule
00000a91   IntEnable
00000d01   IntMasterEnable
00000655   InterruptGPIOEPressed
00000443   KeypadInit
00000427   KeypadInterruptEnable
00000487   PrintNumber
00000cf5   ResetISR
UNDEFED    SHT$$INIT_ARRAY$$Base
UNDEFED    SHT$$INIT_ARRAY$$Limit
000003d1   SevenSegInit
0000089d   SysCtlClockGet
00000799   SysCtlClockSet
00000d13   SysCtlDelay
00000c21   SysCtlPeripheralEnable
00000c55   TimerConfigure
00000ccd   TimerEnable
00000d1f   TimerIntClear
00000d0b   TimerIntEnable
000005ad   TimerInterruptKeypadScan
0000052d   TimerInterruptSevenSegmentDisplay
00000ca9   TimerLoadSet
20000100   __STACK_END
00000100   __STACK_SIZE
20000200   __STACK_TOP
00000e30   __TI_CINIT_Base
00000e40   __TI_CINIT_Limit
00000e18   __TI_Handler_Table_Base
00000e24   __TI_Handler_Table_Limit
00000001   __TI_args_main
000009fd   __TI_auto_init
20000114   __TI_cleanup_ptr
00000cdb   __TI_decompress_none
00000d19   __TI_decompress_rle24
20000118   __TI_dtors_ptr
00000000   __TI_static_base__
00000cbb   __TI_zero_init
00000961   __aeabi_memcpy
00000961   __aeabi_memcpy4
00000961   __aeabi_memcpy8
ffffffff   __binit__
ffffffff   __c_args__
20000000   __stack
00000c7d   _args_main
00000b51   _c_int00
2000010c   _lock
00000ca3   _nop
00000c9b   _register_lock
00000c95   _register_unlock
20000110   _unlock
00000be1   abort
ffffffff   binit
20000130   buttons
00000b99   copy_in
20000108   currSevenSeg
0000026d   delay
00000be9   exit
00000000   g_pfnVectors
00000325   init
20000109   keypadScanCurr
20000105   lastKeysPressed
20000107   lastPressedKey
00000719   main
2000011c   main_func_sp
00000961   memcpy
20000104   portBCurrState
20000100   portBStates
20000120   values


GLOBAL SYMBOLS: SORTED BY Symbol Address 

address    name
--------   ----
00000000   __TI_static_base__
00000000   g_pfnVectors
00000001   __TI_args_main
00000100   __STACK_SIZE
0000026d   delay
00000279   FillValuesArray
000002db   FillKeypadButtonsArray
00000325   init
000003d1   SevenSegInit
00000427   KeypadInterruptEnable
00000443   KeypadInit
00000487   PrintNumber
000004b7   InitTimerModule
0000052d   TimerInterruptSevenSegmentDisplay
00000559   FindKeypadButtonPressed
000005ad   TimerInterruptKeypadScan
00000655   InterruptGPIOEPressed
00000719   main
00000799   SysCtlClockSet
0000089d   SysCtlClockGet
00000961   __aeabi_memcpy
00000961   __aeabi_memcpy4
00000961   __aeabi_memcpy8
00000961   memcpy
000009fd   __TI_auto_init
00000a91   IntEnable
00000b51   _c_int00
00000b99   copy_in
00000bdd   C$$EXIT
00000be1   abort
00000be9   exit
00000c21   SysCtlPeripheralEnable
00000c55   TimerConfigure
00000c7d   _args_main
00000c95   _register_unlock
00000c9b   _register_lock
00000ca3   _nop
00000ca9   TimerLoadSet
00000cbb   __TI_zero_init
00000ccd   TimerEnable
00000cdb   __TI_decompress_none
00000ce9   CPUcpsie
00000cf5   ResetISR
00000d01   IntMasterEnable
00000d0b   TimerIntEnable
00000d13   SysCtlDelay
00000d19   __TI_decompress_rle24
00000d1f   TimerIntClear
00000e18   __TI_Handler_Table_Base
00000e24   __TI_Handler_Table_Limit
00000e30   __TI_CINIT_Base
00000e40   __TI_CINIT_Limit
20000000   __stack
20000100   __STACK_END
20000100   portBStates
20000104   portBCurrState
20000105   lastKeysPressed
20000107   lastPressedKey
20000108   currSevenSeg
20000109   keypadScanCurr
2000010c   _lock
20000110   _unlock
20000114   __TI_cleanup_ptr
20000118   __TI_dtors_ptr
2000011c   main_func_sp
20000120   values
20000130   buttons
20000200   __STACK_TOP
ffffffff   __binit__
ffffffff   __c_args__
ffffffff   binit
UNDEFED    SHT$$INIT_ARRAY$$Base
UNDEFED    SHT$$INIT_ARRAY$$Limit

[73 symbols]
